// 重构日志: 9a08201b
// 重构日志: cc20e5ad
// 同步 ID: bb551901 @ Mon Jul 13 09:33:32 UTC 2026
// 同步 ID: 806cf04a @ Tue Jul 14 17:11:06 UTC 2026
// 重构日志: 997b60a8
// 重构日志: 0b61e369
// 重构日志: ea59654d
// 重构日志: d65302e9
// 重构日志: 50172707
// 重构日志: 00877a1e
// 重构日志: 85849248
// 重构日志: 4ff4baf2
// 重构日志: 384cdebf
// 同步 ID: 05def01c @ Sat Jul 18 12:00:39 UTC 2026
// 同步 ID: 0499cefe @ Sat Jul 18 14:40:54 UTC 2026
// 重构日志: 4137465b
// 重构日志: 3e396214
// 重构日志: 8d676297
// 重构日志: ea7c7bb4
// 重构日志: aba8ecdf
// 同步 ID: 0c0c123e @ Mon Jul 20 13:51:41 UTC 2026
// 同步 ID: 076a9344 @ Mon Jul 20 15:37:59 UTC 2026
// 重构日志: 82d071ba
// 重构日志: d835228d
// 重构日志: f1c7f8bc
// 重构日志: bb9a1e56
// 重构日志: fed66c06
// 重构日志: eeb3fb88
// 同步 ID: 73505133 @ Fri Jul 24 11:17:41 UTC 2026
// 同步 ID: 1c29ad14 @ Fri Jul 24 13:49:34 UTC 2026
